Archive member included to satisfy reference by file (symbol)

/usr/local/embeded-arm-tool-chain/gcc-arm-none-eabi-8-2019-q3-update/bin/../lib/gcc/arm-none-eabi/8.3.1/../../../../arm-none-eabi/lib/thumb/v7e-m+dp/hard/libc_nano.a(lib_a-exit.o)
                              /usr/local/embeded-arm-tool-chain/gcc-arm-none-eabi-8-2019-q3-update/bin/../lib/gcc/arm-none-eabi/8.3.1/../../../../arm-none-eabi/lib/thumb/v7e-m+dp/hard/crt0.o (exit)
/usr/local/embeded-arm-tool-chain/gcc-arm-none-eabi-8-2019-q3-update/bin/../lib/gcc/arm-none-eabi/8.3.1/../../../../arm-none-eabi/lib/thumb/v7e-m+dp/hard/libc_nano.a(lib_a-impure.o)
                              /usr/local/embeded-arm-tool-chain/gcc-arm-none-eabi-8-2019-q3-update/bin/../lib/gcc/arm-none-eabi/8.3.1/../../../../arm-none-eabi/lib/thumb/v7e-m+dp/hard/libc_nano.a(lib_a-exit.o) (_global_impure_ptr)
/usr/local/embeded-arm-tool-chain/gcc-arm-none-eabi-8-2019-q3-update/bin/../lib/gcc/arm-none-eabi/8.3.1/../../../../arm-none-eabi/lib/thumb/v7e-m+dp/hard/libc_nano.a(lib_a-init.o)
                              /usr/local/embeded-arm-tool-chain/gcc-arm-none-eabi-8-2019-q3-update/bin/../lib/gcc/arm-none-eabi/8.3.1/../../../../arm-none-eabi/lib/thumb/v7e-m+dp/hard/crt0.o (__libc_init_array)
/usr/local/embeded-arm-tool-chain/gcc-arm-none-eabi-8-2019-q3-update/bin/../lib/gcc/arm-none-eabi/8.3.1/../../../../arm-none-eabi/lib/thumb/v7e-m+dp/hard/libc_nano.a(lib_a-malloc.o)
                              CMakeFiles/executable.elf.dir/drivers/fsl_common.c.obj (malloc)
/usr/local/embeded-arm-tool-chain/gcc-arm-none-eabi-8-2019-q3-update/bin/../lib/gcc/arm-none-eabi/8.3.1/../../../../arm-none-eabi/lib/thumb/v7e-m+dp/hard/libc_nano.a(lib_a-memset.o)
                              /usr/local/embeded-arm-tool-chain/gcc-arm-none-eabi-8-2019-q3-update/bin/../lib/gcc/arm-none-eabi/8.3.1/../../../../arm-none-eabi/lib/thumb/v7e-m+dp/hard/crt0.o (memset)
/usr/local/embeded-arm-tool-chain/gcc-arm-none-eabi-8-2019-q3-update/bin/../lib/gcc/arm-none-eabi/8.3.1/../../../../arm-none-eabi/lib/thumb/v7e-m+dp/hard/libc_nano.a(lib_a-nano-freer.o)
                              /usr/local/embeded-arm-tool-chain/gcc-arm-none-eabi-8-2019-q3-update/bin/../lib/gcc/arm-none-eabi/8.3.1/../../../../arm-none-eabi/lib/thumb/v7e-m+dp/hard/libc_nano.a(lib_a-malloc.o) (_free_r)
/usr/local/embeded-arm-tool-chain/gcc-arm-none-eabi-8-2019-q3-update/bin/../lib/gcc/arm-none-eabi/8.3.1/../../../../arm-none-eabi/lib/thumb/v7e-m+dp/hard/libc_nano.a(lib_a-nano-mallocr.o)
                              /usr/local/embeded-arm-tool-chain/gcc-arm-none-eabi-8-2019-q3-update/bin/../lib/gcc/arm-none-eabi/8.3.1/../../../../arm-none-eabi/lib/thumb/v7e-m+dp/hard/libc_nano.a(lib_a-malloc.o) (_malloc_r)
/usr/local/embeded-arm-tool-chain/gcc-arm-none-eabi-8-2019-q3-update/bin/../lib/gcc/arm-none-eabi/8.3.1/../../../../arm-none-eabi/lib/thumb/v7e-m+dp/hard/libc_nano.a(lib_a-sbrkr.o)
                              /usr/local/embeded-arm-tool-chain/gcc-arm-none-eabi-8-2019-q3-update/bin/../lib/gcc/arm-none-eabi/8.3.1/../../../../arm-none-eabi/lib/thumb/v7e-m+dp/hard/libc_nano.a(lib_a-nano-mallocr.o) (_sbrk_r)
/usr/local/embeded-arm-tool-chain/gcc-arm-none-eabi-8-2019-q3-update/bin/../lib/gcc/arm-none-eabi/8.3.1/../../../../arm-none-eabi/lib/thumb/v7e-m+dp/hard/libc_nano.a(lib_a-strlen.o)
                              CMakeFiles/executable.elf.dir/utilities/fsl_str.c.obj (strlen)
/usr/local/embeded-arm-tool-chain/gcc-arm-none-eabi-8-2019-q3-update/bin/../lib/gcc/arm-none-eabi/8.3.1/../../../../arm-none-eabi/lib/thumb/v7e-m+dp/hard/libc_nano.a(lib_a-mlock.o)
                              /usr/local/embeded-arm-tool-chain/gcc-arm-none-eabi-8-2019-q3-update/bin/../lib/gcc/arm-none-eabi/8.3.1/../../../../arm-none-eabi/lib/thumb/v7e-m+dp/hard/libc_nano.a(lib_a-nano-freer.o) (__malloc_lock)
/usr/local/embeded-arm-tool-chain/gcc-arm-none-eabi-8-2019-q3-update/bin/../lib/gcc/arm-none-eabi/8.3.1/../../../../arm-none-eabi/lib/thumb/v7e-m+dp/hard/libc_nano.a(lib_a-reent.o)
                              /usr/local/embeded-arm-tool-chain/gcc-arm-none-eabi-8-2019-q3-update/bin/../lib/gcc/arm-none-eabi/8.3.1/../../../../arm-none-eabi/lib/thumb/v7e-m+dp/hard/libc_nano.a(lib_a-sbrkr.o) (errno)
/usr/local/embeded-arm-tool-chain/gcc-arm-none-eabi-8-2019-q3-update/bin/../lib/gcc/arm-none-eabi/8.3.1/../../../../arm-none-eabi/lib/thumb/v7e-m+dp/hard/libc_nano.a(lib_a-lock.o)
                              /usr/local/embeded-arm-tool-chain/gcc-arm-none-eabi-8-2019-q3-update/bin/../lib/gcc/arm-none-eabi/8.3.1/../../../../arm-none-eabi/lib/thumb/v7e-m+dp/hard/libc_nano.a(lib_a-mlock.o) (__retarget_lock_acquire_recursive)
/usr/local/embeded-arm-tool-chain/gcc-arm-none-eabi-8-2019-q3-update/bin/../lib/gcc/arm-none-eabi/8.3.1/thumb/v7e-m+dp/hard/libgcc.a(_aeabi_ldivmod.o)
                              CMakeFiles/executable.elf.dir/device/system_MIMXRT1052.c.obj (__aeabi_ldivmod)
[...]
Memory Configuration

Name             Origin             Length             Attributes
m_interrupts     0x0000000000000000 0x0000000000000400 xr
m_text           0x0000000000000400 0x000000000001fc00 xr
m_data           0x0000000020000000 0x0000000000020000 rw
m_data2          0x0000000020200000 0x0000000000040000 rw
*default*        0x0000000000000000 0xffffffffffffffff

Linker script and memory map

LOAD /usr/local/embeded-arm-tool-chain/gcc-arm-none-eabi-8-2019-q3-update/bin/../lib/gcc/arm-none-eabi/8.3.1/thumb/v7e-m+dp/hard/crti.o
LOAD /usr/local/embeded-arm-tool-chain/gcc-arm-none-eabi-8-2019-q3-update/bin/../lib/gcc/arm-none-eabi/8.3.1/thumb/v7e-m+dp/hard/crtbegin.o
LOAD /usr/local/embeded-arm-tool-chain/gcc-arm-none-eabi-8-2019-q3-update/bin/../lib/gcc/arm-none-eabi/8.3.1/../../../../arm-none-eabi/lib/thumb/v7e-m+dp/hard/crt0.o
LOAD CMakeFiles/executable.elf.dir/board/board.c.obj
LOAD CMakeFiles/executable.elf.dir/board/clock_config.c.obj
LOAD CMakeFiles/executable.elf.dir/board/peripherals.c.obj
LOAD CMakeFiles/executable.elf.dir/board/pin_mux.c.obj
LOAD CMakeFiles/executable.elf.dir/component/lists/generic_list.c.obj
LOAD CMakeFiles/executable.elf.dir/component/serial_manager/serial_manager.c.obj
LOAD CMakeFiles/executable.elf.dir/component/serial_manager/serial_port_uart.c.obj
LOAD CMakeFiles/executable.elf.dir/component/uart/lpuart_adapter.c.obj
LOAD CMakeFiles/executable.elf.dir/device/system_MIMXRT1052.c.obj
LOAD CMakeFiles/executable.elf.dir/drivers/fsl_clock.c.obj
LOAD CMakeFiles/executable.elf.dir/drivers/fsl_common.c.obj
LOAD CMakeFiles/executable.elf.dir/drivers/fsl_gpio.c.obj
LOAD CMakeFiles/executable.elf.dir/drivers/fsl_lpuart.c.obj
LOAD CMakeFiles/executable.elf.dir/source/hello_world.c.obj
LOAD CMakeFiles/executable.elf.dir/startup/startup_MIMXRT1052.S.obj
LOAD CMakeFiles/executable.elf.dir/utilities/fsl_assert.c.obj
LOAD CMakeFiles/executable.elf.dir/utilities/fsl_debug_console.c.obj
LOAD CMakeFiles/executable.elf.dir/utilities/fsl_str.c.obj
LOAD CMakeFiles/executable.elf.dir/xip/evkbimxrt1050_flexspi_nor_config.c.obj
LOAD CMakeFiles/executable.elf.dir/xip/evkbimxrt1050_sdram_ini_dcd.c.obj
LOAD CMakeFiles/executable.elf.dir/xip/fsl_flexspi_nor_boot.c.obj
START GROUP
LOAD /usr/local/embeded-arm-tool-chain/gcc-arm-none-eabi-8-2019-q3-update/bin/../lib/gcc/arm-none-eabi/8.3.1/../../../../arm-none-eabi/lib/thumb/v7e-m+dp/hard/libm.a
LOAD /usr/local/embeded-arm-tool-chain/gcc-arm-none-eabi-8-2019-q3-update/bin/../lib/gcc/arm-none-eabi/8.3.1/../../../../arm-none-eabi/lib/thumb/v7e-m+dp/hard/libc_nano.a
LOAD /usr/local/embeded-arm-tool-chain/gcc-arm-none-eabi-8-2019-q3-update/bin/../lib/gcc/arm-none-eabi/8.3.1/thumb/v7e-m+dp/hard/libgcc.a
LOAD /usr/local/embeded-arm-tool-chain/gcc-arm-none-eabi-8-2019-q3-update/bin/../lib/gcc/arm-none-eabi/8.3.1/../../../../arm-none-eabi/lib/thumb/v7e-m+dp/hard/libnosys.a
END GROUP
START GROUP
LOAD /usr/local/embeded-arm-tool-chain/gcc-arm-none-eabi-8-2019-q3-update/bin/../lib/gcc/arm-none-eabi/8.3.1/thumb/v7e-m+dp/hard/libgcc.a
LOAD /usr/local/embeded-arm-tool-chain/gcc-arm-none-eabi-8-2019-q3-update/bin/../lib/gcc/arm-none-eabi/8.3.1/../../../../arm-none-eabi/lib/thumb/v7e-m+dp/hard/libc_nano.a
END GROUP
START GROUP
LOAD /usr/local/embeded-arm-tool-chain/gcc-arm-none-eabi-8-2019-q3-update/bin/../lib/gcc/arm-none-eabi/8.3.1/thumb/v7e-m+dp/hard/libgcc.a
LOAD /usr/local/embeded-arm-tool-chain/gcc-arm-none-eabi-8-2019-q3-update/bin/../lib/gcc/arm-none-eabi/8.3.1/../../../../arm-none-eabi/lib/thumb/v7e-m+dp/hard/libc_nano.a
LOAD /usr/local/embeded-arm-tool-chain/gcc-arm-none-eabi-8-2019-q3-update/bin/../lib/gcc/arm-none-eabi/8.3.1/../../../../arm-none-eabi/lib/thumb/v7e-m+dp/hard/libnosys.a
END GROUP
START GROUP
LOAD /usr/local/embeded-arm-tool-chain/gcc-arm-none-eabi-8-2019-q3-update/bin/../lib/gcc/arm-none-eabi/8.3.1/thumb/v7e-m+dp/hard/libgcc.a
LOAD /usr/local/embeded-arm-tool-chain/gcc-arm-none-eabi-8-2019-q3-update/bin/../lib/gcc/arm-none-eabi/8.3.1/../../../../arm-none-eabi/lib/thumb/v7e-m+dp/hard/libc_nano.a
LOAD /usr/local/embeded-arm-tool-chain/gcc-arm-none-eabi-8-2019-q3-update/bin/../lib/gcc/arm-none-eabi/8.3.1/../../../../arm-none-eabi/lib/thumb/v7e-m+dp/hard/libnosys.a
END GROUP
LOAD /usr/local/embeded-arm-tool-chain/gcc-arm-none-eabi-8-2019-q3-update/bin/../lib/gcc/arm-none-eabi/8.3.1/thumb/v7e-m+dp/hard/crtend.o
LOAD /usr/local/embeded-arm-tool-chain/gcc-arm-none-eabi-8-2019-q3-update/bin/../lib/gcc/arm-none-eabi/8.3.1/thumb/v7e-m+dp/hard/crtn.o
                0x0000000000000400                HEAP_SIZE = DEFINED (__heap_size__)?__heap_size__:0x400
                0x0000000000000400                STACK_SIZE = DEFINED (__stack_size__)?__stack_size__:0x400

.interrupts     0x0000000000000000      0x400
                0x0000000000000000                __VECTOR_TABLE = .
                0x0000000000000000                . = ALIGN (0x4)
 *(.isr_vector)
 .isr_vector    0x0000000000000000      0x400 CMakeFiles/executable.elf.dir/startup/startup_MIMXRT1052.S.obj
                0x0000000000000000                __isr_vector
                0x0000000000000400                . = ALIGN (0x4)
                0x0000000000000000                __VECTOR_RAM = __VECTOR_TABLE
                0x0000000000000000                __RAM_VECTOR_TABLE_SIZE_BYTES = 0x0

.text           0x0000000000000400     0x1b00
                0x0000000000000400                . = ALIGN (0x4)
 *(.text)
 .text          0x0000000000000400       0x40 /usr/local/embeded-arm-tool-chain/gcc-arm-none-eabi-8-2019-q3-update/bin/../lib/gcc/arm-none-eabi/8.3.1/thumb/v7e-m+dp/hard/crtbegin.o
 .text          0x0000000000000440       0x74 /usr/local/embeded-arm-tool-chain/gcc-arm-none-eabi-8-2019-q3-update/bin/../lib/gcc/arm-none-eabi/8.3.1/../../../../arm-none-eabi/lib/thumb/v7e-m+dp/hard/crt0.o
                0x0000000000000440                _mainCRTStartup
                0x0000000000000440                _start
 .text          0x00000000000004b4      0x230 CMakeFiles/executable.elf.dir/startup/startup_MIMXRT1052.S.obj
                0x00000000000004b4                Reset_Handler
                0x0000000000000540                USB_PHY1_IRQHandler
                0x0000000000000540                LPSPI2_DriverIRQHandler
                0x0000000000000540                SJC_IRQHandler
                0x0000000000000540                ADC_ETC_IRQ0_IRQHandler
                0x0000000000000540                DebugMon_Handler
                0x0000000000000540                SAI3_RX_DriverIRQHandler
                0x0000000000000540                PXP_IRQHandler
                0x0000000000000540                DMA13_DMA29_DriverIRQHandler
                0x0000000000000540                Reserved86_IRQHandler
                0x0000000000000540                SRC_IRQHandler
                0x0000000000000540                LPSPI4_DriverIRQHandler
                0x0000000000000540                GPIO2_Combined_0_15_IRQHandler
                0x0000000000000540                SPDIF_DriverIRQHandler
                0x0000000000000540                GPIO1_INT2_IRQHandler
                0x0000000000000540                CSI_IRQHandler
                0x0000000000000540                SNVS_LP_WRAPPER_IRQHandler
                0x0000000000000540                ENC2_IRQHandler
                0x0000000000000540                PWM2_2_IRQHandler
                0x0000000000000540                PWM4_FAULT_IRQHandler
                0x0000000000000540                GPIO1_INT7_IRQHandler
                0x0000000000000540                CCM_1_IRQHandler
                0x0000000000000540                ADC_ETC_IRQ1_IRQHandler
                0x0000000000000540                DMA7_DMA23_DriverIRQHandler
                0x0000000000000540                CTI0_ERROR_IRQHandler
                0x0000000000000540                GPIO5_Combined_0_15_IRQHandler
                0x0000000000000540                PWM1_0_IRQHandler
                0x0000000000000540                Reserved68_IRQHandler
                0x0000000000000540                LPI2C3_DriverIRQHandler
                0x0000000000000540                USB_PHY2_IRQHandler
                0x0000000000000540                TSC_DIG_IRQHandler
                0x0000000000000540                GPIO4_Combined_0_15_IRQHandler
                0x0000000000000540                PWM2_0_IRQHandler
                0x0000000000000540                DCP_VMI_IRQHandler
                0x0000000000000540                DMA14_DMA30_DriverIRQHandler
                0x0000000000000540                ENET_1588_Timer_DriverIRQHandler
                0x0000000000000540                PWM2_1_IRQHandler
                0x0000000000000540                PWM2_FAULT_IRQHandler
                0x0000000000000540                FLEXIO2_DriverIRQHandler
                0x0000000000000540                UsageFault_Handler
                0x0000000000000540                WDOG1_IRQHandler
                0x0000000000000540                PMU_EVENT_IRQHandler
                0x0000000000000540                GPT1_IRQHandler
                0x0000000000000540                PWM4_1_IRQHandler
                0x0000000000000540                USB_OTG2_IRQHandler
                0x0000000000000540                ACMP4_IRQHandler
                0x0000000000000540                SEMC_IRQHandler
                0x0000000000000540                DMA0_DMA16_DriverIRQHandler
                0x0000000000000540                DefaultISR
                0x0000000000000540                PWM1_1_IRQHandler
                0x0000000000000540                DMA2_DMA18_DriverIRQHandler
                0x0000000000000540                PWM3_0_IRQHandler
                0x0000000000000540                USDHC1_DriverIRQHandler
                0x0000000000000540                PWM3_3_IRQHandler
                0x0000000000000540                GPIO1_INT0_IRQHandler
                0x0000000000000540                CSU_IRQHandler
                0x0000000000000540                ADC1_IRQHandler
                0x0000000000000540                FLEXIO1_DriverIRQHandler
                0x0000000000000540                ENET_DriverIRQHandler
                0x0000000000000540                GPIO1_Combined_16_31_IRQHandler
                0x0000000000000540                RTWDOG_IRQHandler
                0x0000000000000540                Reserved78_IRQHandler
                0x0000000000000540                SAI1_DriverIRQHandler
                0x0000000000000540                DMA12_DMA28_DriverIRQHandler
                0x0000000000000540                ENC3_IRQHandler
                0x0000000000000540                GPIO3_Combined_16_31_IRQHandler
                0x0000000000000540                EWM_IRQHandler
                0x0000000000000540                TEMP_LOW_HIGH_IRQHandler
                0x0000000000000540                WDOG2_IRQHandler
                0x0000000000000540                GPIO1_INT5_IRQHandler
                0x0000000000000540                FLEXSPI_DriverIRQHandler
                0x0000000000000540                PWM3_1_IRQHandler
                0x0000000000000540                PWM2_3_IRQHandler
                0x0000000000000540                CORE_IRQHandler
                0x0000000000000540                DMA10_DMA26_DriverIRQHandler
                0x0000000000000540                TEMP_PANIC_IRQHandler
                0x0000000000000540                GPIO1_INT6_IRQHandler
                0x0000000000000540                PWM1_2_IRQHandler
                0x0000000000000540                Reserved144_IRQHandler
                0x0000000000000540                GPR_IRQ_IRQHandler
                0x0000000000000540                GPC_IRQHandler
                0x0000000000000540                DCDC_IRQHandler
                0x0000000000000540                GPIO3_Combined_0_15_IRQHandler
                0x0000000000000540                PWM4_3_IRQHandler
                0x0000000000000540                DMA1_DMA17_DriverIRQHandler
                0x0000000000000540                USB_OTG1_IRQHandler
                0x0000000000000540                CAN2_DriverIRQHandler
                0x0000000000000540                GPIO5_Combined_16_31_IRQHandler
                0x0000000000000540                TMR2_IRQHandler
                0x0000000000000540                ADC_ETC_ERROR_IRQ_IRQHandler
                0x0000000000000540                DMA8_DMA24_DriverIRQHandler
                0x0000000000000540                PWM4_2_IRQHandler
                0x0000000000000540                DMA6_DMA22_DriverIRQHandler
                0x0000000000000540                BEE_IRQHandler
                0x0000000000000540                GPIO1_INT1_IRQHandler
                0x0000000000000540                ADC_ETC_IRQ2_IRQHandler
                0x0000000000000540                GPIO1_INT4_IRQHandler
                0x0000000000000540                CCM_2_IRQHandler
                0x0000000000000540                KPP_IRQHandler
                0x0000000000000540                ADC2_IRQHandler
                0x0000000000000540                USDHC2_DriverIRQHandler
                0x0000000000000540                MemManage_Handler
                0x0000000000000540                SAI2_DriverIRQHandler
                0x0000000000000540                PIT_IRQHandler
                0x0000000000000540                Reserved115_IRQHandler
                0x0000000000000540                SNVS_HP_WRAPPER_IRQHandler
                0x0000000000000540                DMA11_DMA27_DriverIRQHandler
                0x0000000000000540                XBAR1_IRQ_2_3_IRQHandler
                0x0000000000000540                PWM3_2_IRQHandler
                0x0000000000000540                LPI2C1_DriverIRQHandler
                0x0000000000000540                DCP_IRQHandler
                0x0000000000000540                Reserved123_IRQHandler
                0x0000000000000540                DMA4_DMA20_DriverIRQHandler
                0x0000000000000540                GPIO1_INT3_IRQHandler
                0x0000000000000540                DMA9_DMA25_DriverIRQHandler
                0x0000000000000540                GPIO1_Combined_0_15_IRQHandler
                0x0000000000000540                LPSPI1_DriverIRQHandler
                0x0000000000000540                DMA3_DMA19_DriverIRQHandler
                0x0000000000000540                TMR4_IRQHandler
                0x0000000000000540                ACMP3_IRQHandler
                0x0000000000000540                ENC1_IRQHandler
                0x0000000000000540                PWM1_FAULT_IRQHandler
                0x0000000000000540                Reserved143_IRQHandler
                0x0000000000000540                GPIO2_Combined_16_31_IRQHandler
                0x0000000000000540                LPI2C4_DriverIRQHandler
                0x0000000000000540                TMR3_IRQHandler
                0x0000000000000540                XBAR1_IRQ_0_1_IRQHandler
                0x0000000000000540                SNVS_HP_WRAPPER_TZ_IRQHandler
                0x0000000000000540                SAI3_TX_DriverIRQHandler
                0x0000000000000540                ACMP2_IRQHandler
                0x0000000000000540                GPT2_IRQHandler
                0x0000000000000540                FLEXRAM_IRQHandler
                0x0000000000000540                DMA5_DMA21_DriverIRQHandler
                0x0000000000000540                ACMP1_IRQHandler
                0x0000000000000540                BusFault_Handler
                0x0000000000000540                Reserved87_IRQHandler
                0x0000000000000540                DMA15_DMA31_DriverIRQHandler
                0x0000000000000540                GPIO4_Combined_16_31_IRQHandler
                0x0000000000000540                LPSPI3_DriverIRQHandler
                0x0000000000000540                ENC4_IRQHandler
                0x0000000000000540                LPI2C2_DriverIRQHandler
                0x0000000000000540                DMA_ERROR_DriverIRQHandler
                0x0000000000000540                PWM4_0_IRQHandler
                0x0000000000000540                CAN1_DriverIRQHandler
                0x0000000000000540                TMR1_IRQHandler
                0x0000000000000540                TRNG_IRQHandler
                0x0000000000000540                LCDIF_IRQHandler
                0x0000000000000540                PWM3_FAULT_IRQHandler
                0x0000000000000540                CTI1_ERROR_IRQHandler
                0x0000000000000540                PWM1_3_IRQHandler
                0x0000000000000544                NMI_Handler
                0x0000000000000548                HardFault_Handler
                0x000000000000054c                SVC_Handler
                0x0000000000000550                PendSV_Handler
                0x0000000000000554                SysTick_Handler
                0x0000000000000558                DMA0_DMA16_IRQHandler
                0x000000000000055c                DMA1_DMA17_IRQHandler
                0x0000000000000560                DMA2_DMA18_IRQHandler
                0x0000000000000564                DMA3_DMA19_IRQHandler
                0x0000000000000568                DMA4_DMA20_IRQHandler
                0x000000000000056c                DMA5_DMA21_IRQHandler
                0x0000000000000570                DMA6_DMA22_IRQHandler
                0x0000000000000574                DMA7_DMA23_IRQHandler
                0x0000000000000578                DMA8_DMA24_IRQHandler
                0x000000000000057c                DMA9_DMA25_IRQHandler
                0x0000000000000580                DMA10_DMA26_IRQHandler
                0x0000000000000584                DMA11_DMA27_IRQHandler
                0x0000000000000588                DMA12_DMA28_IRQHandler
                0x000000000000058c                DMA13_DMA29_IRQHandler
                0x0000000000000590                DMA14_DMA30_IRQHandler
                0x0000000000000594                DMA15_DMA31_IRQHandler
                0x0000000000000598                DMA_ERROR_IRQHandler
                0x000000000000059c                LPUART1_IRQHandler
                0x00000000000005a0                LPUART2_IRQHandler
                0x00000000000005a4                LPUART3_IRQHandler
                0x00000000000005a8                LPUART4_IRQHandler
                0x00000000000005ac                LPUART5_IRQHandler
                0x00000000000005b0                LPUART6_IRQHandler
                0x00000000000005b4                LPUART7_IRQHandler
                0x00000000000005b8                LPUART8_IRQHandler
                0x00000000000005bc                LPI2C1_IRQHandler
                0x00000000000005c0                LPI2C2_IRQHandler
                0x00000000000005c4                LPI2C3_IRQHandler
                0x00000000000005c8                LPI2C4_IRQHandler
                0x00000000000005cc                LPSPI1_IRQHandler
                0x00000000000005d0                LPSPI2_IRQHandler
                0x00000000000005d4                LPSPI3_IRQHandler
                0x00000000000005d8                LPSPI4_IRQHandler
                0x00000000000005dc                CAN1_IRQHandler
                0x00000000000005e0                CAN2_IRQHandler
                0x00000000000005e4                SAI1_IRQHandler
                0x00000000000005e8                SAI2_IRQHandler
                0x00000000000005ec                SAI3_RX_IRQHandler
                0x00000000000005f0                SAI3_TX_IRQHandler
                0x00000000000005f4                SPDIF_IRQHandler
                0x00000000000005f8                FLEXIO1_IRQHandler
                0x00000000000005fc                FLEXIO2_IRQHandler
                0x0000000000000600                FLEXSPI_IRQHandler
                0x0000000000000604                USDHC1_IRQHandler
                0x0000000000000608                USDHC2_IRQHandler
                0x000000000000060c                ENET_IRQHandler
                0x0000000000000610                ENET_1588_Timer_IRQHandler
 .text          0x00000000000006e4       0x10 /usr/local/embeded-arm-tool-chain/gcc-arm-none-eabi-8-2019-q3-update/bin/../lib/gcc/arm-none-eabi/8.3.1/../../../../arm-none-eabi/lib/thumb/v7e-m+dp/hard/libc_nano.a(lib_a-strlen.o)
                0x00000000000006e4                strlen
 *(.text*)
 .text.BOARD_DebugConsoleSrcFreq
                0x00000000000006f4       0x5c CMakeFiles/executable.elf.dir/board/board.c.obj
                0x00000000000006f4                BOARD_DebugConsoleSrcFreq
 .text.BOARD_InitDebugConsole
                0x0000000000000750       0x18 CMakeFiles/executable.elf.dir/board/board.c.obj
                0x0000000000000750                BOARD_InitDebugConsole
 .text.BOARD_ConfigMPU
                0x0000000000000768      0x1a4 CMakeFiles/executable.elf.dir/board/board.c.obj
                0x0000000000000768                BOARD_ConfigMPU
 .text.CLOCK_SetMux
                0x000000000000090c       0x40 CMakeFiles/executable.elf.dir/board/clock_config.c.obj
 .text.CLOCK_SetDiv
                0x000000000000094c       0x40 CMakeFiles/executable.elf.dir/board/clock_config.c.obj
 .text.CLOCK_DisableClock
                0x000000000000098c       0x24 CMakeFiles/executable.elf.dir/board/clock_config.c.obj
 .text.BOARD_BootClockRUN
                0x00000000000009b0      0x5fc CMakeFiles/executable.elf.dir/board/clock_config.c.obj
                0x00000000000009b0                BOARD_BootClockRUN
 .text.BOARD_InitPins
                0x0000000000000fac       0x28 CMakeFiles/executable.elf.dir/board/pin_mux.c.obj
                0x0000000000000fac                BOARD_InitPins
 .text.SerialManager_Init
                0x0000000000000fd4       0x2a CMakeFiles/executable.elf.dir/component/serial_manager/serial_manager.c.obj
                0x0000000000000fd4                SerialManager_Init
 .text.SerialManager_OpenWriteHandle
                0x0000000000000ffe       0x1c CMakeFiles/executable.elf.dir/component/serial_manager/serial_manager.c.obj
                0x0000000000000ffe                SerialManager_OpenWriteHandle
 .text.SerialManager_OpenReadHandle
                0x000000000000101a       0x22 CMakeFiles/executable.elf.dir/component/serial_manager/serial_manager.c.obj
                0x000000000000101a                SerialManager_OpenReadHandle
 .text.SerialManager_WriteBlocking
                0x000000000000103c       0x14 CMakeFiles/executable.elf.dir/component/serial_manager/serial_manager.c.obj
                0x000000000000103c                SerialManager_WriteBlocking
 .text.SerialManager_ReadBlocking
                0x0000000000001050       0x14 CMakeFiles/executable.elf.dir/component/serial_manager/serial_manager.c.obj
                0x0000000000001050                SerialManager_ReadBlocking
 .text.Serial_UartInit
                0x0000000000001064       0x38 CMakeFiles/executable.elf.dir/component/serial_manager/serial_port_uart.c.obj
                0x0000000000001064                Serial_UartInit
 .text.Serial_UartWrite
                0x000000000000109c        0x4 CMakeFiles/executable.elf.dir/component/serial_manager/serial_port_uart.c.obj
                0x000000000000109c                Serial_UartWrite
 .text.Serial_UartRead
                0x00000000000010a0        0x4 CMakeFiles/executable.elf.dir/component/serial_manager/serial_port_uart.c.obj
                0x00000000000010a0                Serial_UartRead
 .text.HAL_UartInit
                0x00000000000010a4       0x70 CMakeFiles/executable.elf.dir/component/uart/lpuart_adapter.c.obj
                0x00000000000010a4                HAL_UartInit
 .text.HAL_UartReceiveBlocking
                0x0000000000001114       0x20 CMakeFiles/executable.elf.dir/component/uart/lpuart_adapter.c.obj
                0x0000000000001114                HAL_UartReceiveBlocking
 .text.HAL_UartSendBlocking
                0x0000000000001134       0x18 CMakeFiles/executable.elf.dir/component/uart/lpuart_adapter.c.obj
                0x0000000000001134                HAL_UartSendBlocking
 .text.SystemInitHook
                0x000000000000114c        0x2 CMakeFiles/executable.elf.dir/device/system_MIMXRT1052.c.obj
                0x000000000000114c                SystemInitHook
 *fill*         0x000000000000114e        0x2 
 .text.SystemInit
                0x0000000000001150      0x118 CMakeFiles/executable.elf.dir/device/system_MIMXRT1052.c.obj
                0x0000000000001150                SystemInit
 .text.CLOCK_GetOscFreq
                0x0000000000001268       0x20 CMakeFiles/executable.elf.dir/drivers/fsl_clock.c.obj
 .text.CLOCK_InitExternalClk
                0x0000000000001288       0x30 CMakeFiles/executable.elf.dir/drivers/fsl_clock.c.obj
                0x0000000000001288                CLOCK_InitExternalClk
 .text.CLOCK_SwitchOsc
                0x00000000000012b8       0x18 CMakeFiles/executable.elf.dir/drivers/fsl_clock.c.obj
                0x00000000000012b8                CLOCK_SwitchOsc
 .text.CLOCK_InitRcOsc24M
                0x00000000000012d0       0x14 CMakeFiles/executable.elf.dir/drivers/fsl_clock.c.obj
                0x00000000000012d0                CLOCK_InitRcOsc24M
 .text.CLOCK_InitArmPll
                0x00000000000012e4       0x44 CMakeFiles/executable.elf.dir/drivers/fsl_clock.c.obj
                0x00000000000012e4                CLOCK_InitArmPll
 .text.CLOCK_InitSysPll
                0x0000000000001328       0x68 CMakeFiles/executable.elf.dir/drivers/fsl_clock.c.obj
                0x0000000000001328                CLOCK_InitSysPll
 .text.CLOCK_InitUsb1Pll
                0x0000000000001390       0x44 CMakeFiles/executable.elf.dir/drivers/fsl_clock.c.obj
                0x0000000000001390                CLOCK_InitUsb1Pll
 .text.CLOCK_DeinitUsb2Pll
                0x00000000000013d4        0xc CMakeFiles/executable.elf.dir/drivers/fsl_clock.c.obj
                0x00000000000013d4                CLOCK_DeinitUsb2Pll
 .text.CLOCK_DeinitAudioPll
                0x00000000000013e0       0x10 CMakeFiles/executable.elf.dir/drivers/fsl_clock.c.obj
                0x00000000000013e0                CLOCK_DeinitAudioPll
 .text.CLOCK_DeinitVideoPll
                0x00000000000013f0       0x10 CMakeFiles/executable.elf.dir/drivers/fsl_clock.c.obj
                0x00000000000013f0                CLOCK_DeinitVideoPll
 .text.CLOCK_DeinitEnetPll
                0x0000000000001400       0x10 CMakeFiles/executable.elf.dir/drivers/fsl_clock.c.obj
                0x0000000000001400                CLOCK_DeinitEnetPll
 .text.CLOCK_GetPllFreq
                0x0000000000001410      0x1ec CMakeFiles/executable.elf.dir/drivers/fsl_clock.c.obj
                0x0000000000001410                CLOCK_GetPllFreq
 .text.CLOCK_InitSysPfd
                0x00000000000015fc       0x30 CMakeFiles/executable.elf.dir/drivers/fsl_clock.c.obj
                0x00000000000015fc                CLOCK_InitSysPfd
 .text.CLOCK_InitUsb1Pfd
                0x000000000000162c       0x30 CMakeFiles/executable.elf.dir/drivers/fsl_clock.c.obj
                0x000000000000162c                CLOCK_InitUsb1Pfd
 .text.CLOCK_ControlGate
                0x000000000000165c       0x24 CMakeFiles/executable.elf.dir/drivers/fsl_lpuart.c.obj
 .text.LPUART_GetInstance
                0x0000000000001680       0x1c CMakeFiles/executable.elf.dir/drivers/fsl_lpuart.c.obj
                0x0000000000001680                LPUART_GetInstance
 .text.LPUART_Init
                0x000000000000169c      0x198 CMakeFiles/executable.elf.dir/drivers/fsl_lpuart.c.obj
                0x000000000000169c                LPUART_Init
 .text.LPUART_GetDefaultConfig
                0x0000000000001834       0x1e CMakeFiles/executable.elf.dir/drivers/fsl_lpuart.c.obj
                0x0000000000001834                LPUART_GetDefaultConfig
 .text.LPUART_GetStatusFlags
                0x0000000000001852       0x10 CMakeFiles/executable.elf.dir/drivers/fsl_lpuart.c.obj
                0x0000000000001852                LPUART_GetStatusFlags
 *fill*         0x0000000000001862        0x2 
 .text.LPUART_ClearStatusFlags
                0x0000000000001864       0x48 CMakeFiles/executable.elf.dir/drivers/fsl_lpuart.c.obj
                0x0000000000001864                LPUART_ClearStatusFlags
 .text.LPUART_WriteBlocking
                0x00000000000018ac       0x16 CMakeFiles/executable.elf.dir/drivers/fsl_lpuart.c.obj
                0x00000000000018ac                LPUART_WriteBlocking
 .text.LPUART_ReadBlocking
                0x00000000000018c2       0xa6 CMakeFiles/executable.elf.dir/drivers/fsl_lpuart.c.obj
                0x00000000000018c2                LPUART_ReadBlocking
 .text.LPUART1_DriverIRQHandler
                0x0000000000001968       0x18 CMakeFiles/executable.elf.dir/drivers/fsl_lpuart.c.obj
                0x0000000000001968                LPUART1_DriverIRQHandler
 .text.LPUART2_DriverIRQHandler
                0x0000000000001980       0x18 CMakeFiles/executable.elf.dir/drivers/fsl_lpuart.c.obj
                0x0000000000001980                LPUART2_DriverIRQHandler
 .text.LPUART3_DriverIRQHandler
                0x0000000000001998       0x18 CMakeFiles/executable.elf.dir/drivers/fsl_lpuart.c.obj
                0x0000000000001998                LPUART3_DriverIRQHandler
 .text.LPUART4_DriverIRQHandler
                0x00000000000019b0       0x18 CMakeFiles/executable.elf.dir/drivers/fsl_lpuart.c.obj
                0x00000000000019b0                LPUART4_DriverIRQHandler
 .text.LPUART5_DriverIRQHandler
                0x00000000000019c8       0x18 CMakeFiles/executable.elf.dir/drivers/fsl_lpuart.c.obj
                0x00000000000019c8                LPUART5_DriverIRQHandler
 .text.LPUART6_DriverIRQHandler
                0x00000000000019e0       0x18 CMakeFiles/executable.elf.dir/drivers/fsl_lpuart.c.obj
                0x00000000000019e0                LPUART6_DriverIRQHandler
 .text.LPUART7_DriverIRQHandler
                0x00000000000019f8       0x18 CMakeFiles/executable.elf.dir/drivers/fsl_lpuart.c.obj
                0x00000000000019f8                LPUART7_DriverIRQHandler
 .text.LPUART8_DriverIRQHandler
                0x0000000000001a10       0x18 CMakeFiles/executable.elf.dir/drivers/fsl_lpuart.c.obj
                0x0000000000001a10                LPUART8_DriverIRQHandler
 .text.startup.main
                0x0000000000001a28       0x28 CMakeFiles/executable.elf.dir/source/hello_world.c.obj
                0x0000000000001a28                main
 .text.DbgConsole_ReadOneCharacter
                0x0000000000001a50       0x18 CMakeFiles/executable.elf.dir/utilities/fsl_debug_console.c.obj
                0x0000000000001a50                DbgConsole_ReadOneCharacter
 .text.DbgConsole_SendData
                0x0000000000001a68       0x20 CMakeFiles/executable.elf.dir/utilities/fsl_debug_console.c.obj
                0x0000000000001a68                DbgConsole_SendData
 .text.DbgConsole_PrintCallback
                0x0000000000001a88       0x3a CMakeFiles/executable.elf.dir/utilities/fsl_debug_console.c.obj
 .text.DbgConsole_ReadCharacter
                0x0000000000001ac2       0x12 CMakeFiles/executable.elf.dir/utilities/fsl_debug_console.c.obj
                0x0000000000001ac2                DbgConsole_ReadCharacter
 .text.DbgConsole_Init
                0x0000000000001ad4       0x6c CMakeFiles/executable.elf.dir/utilities/fsl_debug_console.c.obj
                0x0000000000001ad4                DbgConsole_Init
 .text.DbgConsole_Printf
                0x0000000000001b40       0x40 CMakeFiles/executable.elf.dir/utilities/fsl_debug_console.c.obj
                0x0000000000001b40                DbgConsole_Printf
 .text.DbgConsole_Putchar
                0x0000000000001b80       0x12 CMakeFiles/executable.elf.dir/utilities/fsl_debug_console.c.obj
                0x0000000000001b80                DbgConsole_Putchar
 .text.DbgConsole_Getchar
                0x0000000000001b92       0x1a CMakeFiles/executable.elf.dir/utilities/fsl_debug_console.c.obj
                0x0000000000001b92                DbgConsole_Getchar
 .text.StrFormatPrintf
                0x0000000000001bac      0x218 CMakeFiles/executable.elf.dir/utilities/fsl_str.c.obj
                0x0000000000001bac                StrFormatPrintf
 .text.exit     0x0000000000001dc4       0x28 /usr/local/embeded-arm-tool-chain/gcc-arm-none-eabi-8-2019-q3-update/bin/../lib/gcc/arm-none-eabi/8.3.1/../../../../arm-none-eabi/lib/thumb/v7e-m+dp/hard/libc_nano.a(lib_a-exit.o)
                0x0000000000001dc4                exit
 .text.__libc_init_array
                0x0000000000001dec       0x48 /usr/local/embeded-arm-tool-chain/gcc-arm-none-eabi-8-2019-q3-update/bin/../lib/gcc/arm-none-eabi/8.3.1/../../../../arm-none-eabi/lib/thumb/v7e-m+dp/hard/libc_nano.a(lib_a-init.o)
                0x0000000000001dec                __libc_init_array
 .text.memset   0x0000000000001e34       0x10 /usr/local/embeded-arm-tool-chain/gcc-arm-none-eabi-8-2019-q3-update/bin/../lib/gcc/arm-none-eabi/8.3.1/../../../../arm-none-eabi/lib/thumb/v7e-m+dp/hard/libc_nano.a(lib_a-memset.o)
                0x0000000000001e34                memset
 .text._exit    0x0000000000001e44        0x4 /usr/local/embeded-arm-tool-chain/gcc-arm-none-eabi-8-2019-q3-update/bin/../lib/gcc/arm-none-eabi/8.3.1/../../../../arm-none-eabi/lib/thumb/v7e-m+dp/hard/libnosys.a(_exit.o)
                0x0000000000001e44                _exit
 *(.rodata)
 .rodata        0x0000000000001e48       0x10 CMakeFiles/executable.elf.dir/drivers/fsl_clock.c.obj
 *(.rodata*)
 .rodata.armPllConfig_BOARD_BootClockRUN
                0x0000000000001e58        0x8 CMakeFiles/executable.elf.dir/board/clock_config.c.obj
                0x0000000000001e58                armPllConfig_BOARD_BootClockRUN
 .rodata.sysPllConfig_BOARD_BootClockRUN
                0x0000000000001e60       0x14 CMakeFiles/executable.elf.dir/board/clock_config.c.obj
                0x0000000000001e60                sysPllConfig_BOARD_BootClockRUN
 .rodata.usb1PllConfig_BOARD_BootClockRUN
                0x0000000000001e74        0x2 CMakeFiles/executable.elf.dir/board/clock_config.c.obj
                0x0000000000001e74                usb1PllConfig_BOARD_BootClockRUN
 *fill*         0x0000000000001e76        0x2 
 .rodata.s_LpuartAdapterBase
                0x0000000000001e78       0x24 CMakeFiles/executable.elf.dir/component/uart/lpuart_adapter.c.obj
 .rodata.s_lpuartBases
                0x0000000000001e9c       0x24 CMakeFiles/executable.elf.dir/drivers/fsl_lpuart.c.obj
 .rodata.s_lpuartClock
                0x0000000000001ec0       0x12 CMakeFiles/executable.elf.dir/drivers/fsl_lpuart.c.obj
 .rodata.main.str1.1
                0x0000000000001ed2        0xf CMakeFiles/executable.elf.dir/source/hello_world.c.obj
 *fill*         0x0000000000001ee1        0x3 
 .rodata._global_impure_ptr
                0x0000000000001ee4        0x4 /usr/local/embeded-arm-tool-chain/gcc-arm-none-eabi-8-2019-q3-update/bin/../lib/gcc/arm-none-eabi/8.3.1/../../../../arm-none-eabi/lib/thumb/v7e-m+dp/hard/libc_nano.a(lib_a-impure.o)
                0x0000000000001ee4                _global_impure_ptr
 *(.glue_7)
 .glue_7        0x0000000000001ee8        0x0 linker stubs
 *(.glue_7t)
 .glue_7t       0x0000000000001ee8        0x0 linker stubs
 *(.eh_frame)
 .eh_frame      0x0000000000001ee8        0x0 /usr/local/embeded-arm-tool-chain/gcc-arm-none-eabi-8-2019-q3-update/bin/../lib/gcc/arm-none-eabi/8.3.1/thumb/v7e-m+dp/hard/crtbegin.o
 *(.init)
 .init          0x0000000000001ee8        0x4 /usr/local/embeded-arm-tool-chain/gcc-arm-none-eabi-8-2019-q3-update/bin/../lib/gcc/arm-none-eabi/8.3.1/thumb/v7e-m+dp/hard/crti.o
                0x0000000000001ee8                _init
 .init          0x0000000000001eec        0x8 /usr/local/embeded-arm-tool-chain/gcc-arm-none-eabi-8-2019-q3-update/bin/../lib/gcc/arm-none-eabi/8.3.1/thumb/v7e-m+dp/hard/crtn.o
 *(.fini)
 .fini          0x0000000000001ef4        0x4 /usr/local/embeded-arm-tool-chain/gcc-arm-none-eabi-8-2019-q3-update/bin/../lib/gcc/arm-none-eabi/8.3.1/thumb/v7e-m+dp/hard/crti.o
                0x0000000000001ef4                _fini
 .fini          0x0000000000001ef8        0x8 /usr/local/embeded-arm-tool-chain/gcc-arm-none-eabi-8-2019-q3-update/bin/../lib/gcc/arm-none-eabi/8.3.1/thumb/v7e-m+dp/hard/crtn.o
                0x0000000000001f00                . = ALIGN (0x4)

.vfp11_veneer   0x0000000000001f00        0x0
 .vfp11_veneer  0x0000000000001f00        0x0 linker stubs

.v4_bx          0x0000000000001f00        0x0
 .v4_bx         0x0000000000001f00        0x0 linker stubs

.iplt           0x0000000000001f00        0x0
 .iplt          0x0000000000001f00        0x0 /usr/local/embeded-arm-tool-chain/gcc-arm-none-eabi-8-2019-q3-update/bin/../lib/gcc/arm-none-eabi/8.3.1/thumb/v7e-m+dp/hard/crtbegin.o

.ARM.extab
 *(.ARM.extab* .gnu.linkonce.armextab.*)

.ARM            0x0000000000001f00        0x8
                0x0000000000001f00                __exidx_start = .
 *(.ARM.exidx*)
 .ARM.exidx     0x0000000000001f00        0x8 /usr/local/embeded-arm-tool-chain/gcc-arm-none-eabi-8-2019-q3-update/bin/../lib/gcc/arm-none-eabi/8.3.1/../../../../arm-none-eabi/lib/thumb/v7e-m+dp/hard/crt0.o
                0x0000000000001f08                __exidx_end = .

.rel.dyn        0x0000000000001f08        0x0
 .rel.iplt      0x0000000000001f08        0x0 /usr/local/embeded-arm-tool-chain/gcc-arm-none-eabi-8-2019-q3-update/bin/../lib/gcc/arm-none-eabi/8.3.1/thumb/v7e-m+dp/hard/crtbegin.o

.ctors          0x0000000000001f08        0x0
                0x0000000000001f08                __CTOR_LIST__ = .
 *crtbegin.o(.ctors)
 *crtbegin?.o(.ctors)
 *(EXCLUDE_FILE(*crtend.o *crtend?.o) .ctors)
 *(SORT_BY_NAME(.ctors.*))
 *(.ctors)
                0x0000000000001f08                __CTOR_END__ = .

.dtors          0x0000000000001f08        0x0
                0x0000000000001f08                __DTOR_LIST__ = .
 *crtbegin.o(.dtors)
 *crtbegin?.o(.dtors)
 *(EXCLUDE_FILE(*crtend.o *crtend?.o) .dtors)
 *(SORT_BY_NAME(.dtors.*))
 *(.dtors)
                0x0000000000001f08                __DTOR_END__ = .

.preinit_array  0x0000000000001f08        0x0
                0x0000000000001f08                PROVIDE (__preinit_array_start = .)
 *(.preinit_array*)
                0x0000000000001f08                PROVIDE (__preinit_array_end = .)

.init_array     0x0000000000001f08        0x4
                0x0000000000001f08                PROVIDE (__init_array_start = .)
 *(SORT_BY_NAME(.init_array.*))
 *(.init_array*)
 .init_array    0x0000000000001f08        0x4 /usr/local/embeded-arm-tool-chain/gcc-arm-none-eabi-8-2019-q3-update/bin/../lib/gcc/arm-none-eabi/8.3.1/thumb/v7e-m+dp/hard/crtbegin.o
                0x0000000000001f0c                PROVIDE (__init_array_end = .)

.fini_array     0x0000000000001f0c        0x4
                [!provide]                        PROVIDE (__fini_array_start = .)
 *(SORT_BY_NAME(.fini_array.*))
 *(.fini_array*)
 .fini_array    0x0000000000001f0c        0x4 /usr/local/embeded-arm-tool-chain/gcc-arm-none-eabi-8-2019-q3-update/bin/../lib/gcc/arm-none-eabi/8.3.1/thumb/v7e-m+dp/hard/crtbegin.o
                [!provide]                        PROVIDE (__fini_array_end = .)
                0x0000000000001f10                __etext = .
                0x0000000000001f10                __DATA_ROM = .

.data           0x0000000020000000       0x64 load address 0x0000000000001f10
                0x0000000020000000                . = ALIGN (0x4)
                0x0000000020000000                __DATA_RAM = .
                0x0000000020000000                __data_start__ = .
 *(m_usb_dma_init_data)
 *(.data)
 *(.data*)
 .data.SystemCoreClock
                0x0000000020000000        0x4 CMakeFiles/executable.elf.dir/device/system_MIMXRT1052.c.obj
                0x0000000020000000                SystemCoreClock
 .data.impure_data
                0x0000000020000004       0x60 /usr/local/embeded-arm-tool-chain/gcc-arm-none-eabi-8-2019-q3-update/bin/../lib/gcc/arm-none-eabi/8.3.1/../../../../arm-none-eabi/lib/thumb/v7e-m+dp/hard/libc_nano.a(lib_a-impure.o)
 *(.jcr*)
                0x0000000020000064                . = ALIGN (0x4)
                0x0000000020000064                __data_end__ = .
                0x0000000000001f74                __NDATA_ROM = (__DATA_ROM + (__data_end__ - __data_start__))

.igot.plt       0x0000000020000064        0x0 load address 0x0000000000001f74
 .igot.plt      0x0000000020000064        0x0 /usr/local/embeded-arm-tool-chain/gcc-arm-none-eabi-8-2019-q3-update/bin/../lib/gcc/arm-none-eabi/8.3.1/thumb/v7e-m+dp/hard/crtbegin.o

.ncache.init    0x0000000020000064        0x0 load address 0x0000000000001f74
                0x0000000020000064                __noncachedata_start__ = .
 *(NonCacheable.init)
                0x0000000020000064                . = ALIGN (0x4)
                0x0000000020000064                __noncachedata_init_end__ = .
                0x0000000020000064                . = __noncachedata_init_end__

.ncache         0x0000000020000064        0x0
 *(NonCacheable)
                0x0000000020000064                . = ALIGN (0x4)
                0x0000000020000064                __noncachedata_end__ = .
                0x0000000000001f74                __DATA_END = (__NDATA_ROM + (__noncachedata_init_end__ - __noncachedata_start__))
                0x0000000000020000                text_end = (ORIGIN (m_text) + LENGTH (m_text))
                0x0000000000000001                ASSERT ((__DATA_END <= text_end), region m_text overflowed with text and data)

.bss            0x0000000020000064       0x6c load address 0x0000000000001f74
                0x0000000020000064                . = ALIGN (0x4)
                0x0000000020000064                __START_BSS = .
                0x0000000020000064                __bss_start__ = .
 *(m_usb_dma_noninit_data)
 *(.bss)
 .bss           0x0000000020000064       0x1c /usr/local/embeded-arm-tool-chain/gcc-arm-none-eabi-8-2019-q3-update/bin/../lib/gcc/arm-none-eabi/8.3.1/thumb/v7e-m+dp/hard/crtbegin.o
 *(.bss*)
 .bss.g_rtcXtalFreq
                0x0000000020000080        0x4 CMakeFiles/executable.elf.dir/drivers/fsl_clock.c.obj
                0x0000000020000080                g_rtcXtalFreq
 .bss.g_xtalFreq
                0x0000000020000084        0x4 CMakeFiles/executable.elf.dir/drivers/fsl_clock.c.obj
                0x0000000020000084                g_xtalFreq
 .bss.s_lpuartHandle
                0x0000000020000088       0x24 CMakeFiles/executable.elf.dir/drivers/fsl_lpuart.c.obj
 .bss.s_lpuartIsr
                0x00000000200000ac        0x4 CMakeFiles/executable.elf.dir/drivers/fsl_lpuart.c.obj
 .bss.g_serialHandle
                0x00000000200000b0        0x4 CMakeFiles/executable.elf.dir/utilities/fsl_debug_console.c.obj
                0x00000000200000b0                g_serialHandle
 .bss.s_debugConsoleState
                0x00000000200000b4       0x1c CMakeFiles/executable.elf.dir/utilities/fsl_debug_console.c.obj
 *(COMMON)
                0x00000000200000d0                . = ALIGN (0x4)
                0x00000000200000d0                __bss_end__ = .
                0x00000000200000d0                __END_BSS = .

.heap           0x00000000200000d0      0x400 load address 0x0000000000001fe0
                0x00000000200000d0                . = ALIGN (0x8)
                0x00000000200000d0                __end__ = .
                0x00000000200000d0                PROVIDE (end = .)
                0x00000000200000d0                __HeapBase = .
                0x00000000200004d0                . = (. + HEAP_SIZE)
 *fill*         0x00000000200000d0      0x400 
                0x00000000200004d0                __HeapLimit = .
                0x00000000200004d0                __heap_limit = .

.stack          0x00000000200004d0      0x400 load address 0x00000000000023e0
                0x00000000200004d0                . = ALIGN (0x8)
                0x00000000200008d0                . = (. + STACK_SIZE)
 *fill*         0x00000000200004d0      0x400 
                0x0000000020020000                __StackTop = (ORIGIN (m_data) + LENGTH (m_data))
                0x000000002001fc00                __StackLimit = (__StackTop - STACK_SIZE)
                0x0000000020020000                PROVIDE (__stack = __StackTop)

.ARM.attributes
                0x0000000000000000       0x2e
 *(.ARM.attributes)
 .ARM.attributes
                0x0000000000000000       0x1e /usr/local/embeded-arm-tool-chain/gcc-arm-none-eabi-8-2019-q3-update/bin/../lib/gcc/arm-none-eabi/8.3.1/thumb/v7e-m+dp/hard/crti.o
 .ARM.attributes
                0x000000000000001e       0x32 /usr/local/embeded-arm-tool-chain/gcc-arm-none-eabi-8-2019-q3-update/bin/../lib/gcc/arm-none-eabi/8.3.1/thumb/v7e-m+dp/hard/crtbegin.o
 .ARM.attributes
                0x0000000000000050       0x1c /usr/local/embeded-arm-tool-chain/gcc-arm-none-eabi-8-2019-q3-update/bin/../lib/gcc/arm-none-eabi/8.3.1/../../../../arm-none-eabi/lib/thumb/v7e-m+dp/hard/crt0.o
 .ARM.attributes
                0x000000000000006c       0x32 CMakeFiles/executable.elf.dir/board/board.c.obj
 .ARM.attributes
                0x000000000000009e       0x32 CMakeFiles/executable.elf.dir/board/clock_config.c.obj
 .ARM.attributes
                0x00000000000000d0       0x32 CMakeFiles/executable.elf.dir/board/pin_mux.c.obj
 .ARM.attributes
                0x0000000000000102       0x32 CMakeFiles/executable.elf.dir/component/serial_manager/serial_manager.c.obj
 .ARM.attributes
                0x0000000000000134       0x32 CMakeFiles/executable.elf.dir/component/serial_manager/serial_port_uart.c.obj
 .ARM.attributes
                0x0000000000000166       0x32 CMakeFiles/executable.elf.dir/component/uart/lpuart_adapter.c.obj
 .ARM.attributes
                0x0000000000000198       0x32 CMakeFiles/executable.elf.dir/device/system_MIMXRT1052.c.obj
 .ARM.attributes
                0x00000000000001ca       0x32 CMakeFiles/executable.elf.dir/drivers/fsl_clock.c.obj
 .ARM.attributes
                0x00000000000001fc       0x32 CMakeFiles/executable.elf.dir/drivers/fsl_lpuart.c.obj
 .ARM.attributes
                0x000000000000022e       0x32 CMakeFiles/executable.elf.dir/source/hello_world.c.obj
 .ARM.attributes
                0x0000000000000260       0x1d CMakeFiles/executable.elf.dir/startup/startup_MIMXRT1052.S.obj
 .ARM.attributes
                0x000000000000027d       0x32 CMakeFiles/executable.elf.dir/utilities/fsl_debug_console.c.obj
 .ARM.attributes
                0x00000000000002af       0x32 CMakeFiles/executable.elf.dir/utilities/fsl_str.c.obj
 .ARM.attributes
                0x00000000000002e1       0x32 /usr/local/embeded-arm-tool-chain/gcc-arm-none-eabi-8-2019-q3-update/bin/../lib/gcc/arm-none-eabi/8.3.1/../../../../arm-none-eabi/lib/thumb/v7e-m+dp/hard/libc_nano.a(lib_a-exit.o)
 .ARM.attributes
                0x0000000000000313       0x30 /usr/local/embeded-arm-tool-chain/gcc-arm-none-eabi-8-2019-q3-update/bin/../lib/gcc/arm-none-eabi/8.3.1/../../../../arm-none-eabi/lib/thumb/v7e-m+dp/hard/libc_nano.a(lib_a-impure.o)
 .ARM.attributes
                0x0000000000000343       0x32 /usr/local/embeded-arm-tool-chain/gcc-arm-none-eabi-8-2019-q3-update/bin/../lib/gcc/arm-none-eabi/8.3.1/../../../../arm-none-eabi/lib/thumb/v7e-m+dp/hard/libc_nano.a(lib_a-init.o)
 .ARM.attributes
                0x0000000000000375       0x32 /usr/local/embeded-arm-tool-chain/gcc-arm-none-eabi-8-2019-q3-update/bin/../lib/gcc/arm-none-eabi/8.3.1/../../../../arm-none-eabi/lib/thumb/v7e-m+dp/hard/libc_nano.a(lib_a-memset.o)
 .ARM.attributes
                0x00000000000003a7       0x17 /usr/local/embeded-arm-tool-chain/gcc-arm-none-eabi-8-2019-q3-update/bin/../lib/gcc/arm-none-eabi/8.3.1/../../../../arm-none-eabi/lib/thumb/v7e-m+dp/hard/libc_nano.a(lib_a-strlen.o)
 .ARM.attributes
                0x00000000000003be       0x32 /usr/local/embeded-arm-tool-chain/gcc-arm-none-eabi-8-2019-q3-update/bin/../lib/gcc/arm-none-eabi/8.3.1/../../../../arm-none-eabi/lib/thumb/v7e-m+dp/hard/libnosys.a(_exit.o)
 .ARM.attributes
                0x00000000000003f0       0x1e /usr/local/embeded-arm-tool-chain/gcc-arm-none-eabi-8-2019-q3-update/bin/../lib/gcc/arm-none-eabi/8.3.1/thumb/v7e-m+dp/hard/crtn.o
                0x0000000000000001                ASSERT ((__StackLimit >= __HeapLimit), region m_data overflowed with stack and heap)
OUTPUT(release/executable.elf elf32-littlearm)

.comment        0x0000000000000000       0x76
 .comment       0x0000000000000000       0x76 CMakeFiles/executable.elf.dir/board/board.c.obj
                                         0x77 (size before relaxing)
 .comment       0x0000000000000076       0x77 CMakeFiles/executable.elf.dir/board/clock_config.c.obj
 .comment       0x0000000000000076       0x77 CMakeFiles/executable.elf.dir/board/pin_mux.c.obj
 .comment       0x0000000000000076       0x77 CMakeFiles/executable.elf.dir/component/serial_manager/serial_manager.c.obj
 .comment       0x0000000000000076       0x77 CMakeFiles/executable.elf.dir/component/serial_manager/serial_port_uart.c.obj
 .comment       0x0000000000000076       0x77 CMakeFiles/executable.elf.dir/component/uart/lpuart_adapter.c.obj
 .comment       0x0000000000000076       0x77 CMakeFiles/executable.elf.dir/device/system_MIMXRT1052.c.obj
 .comment       0x0000000000000076       0x77 CMakeFiles/executable.elf.dir/drivers/fsl_clock.c.obj
 .comment       0x0000000000000076       0x77 CMakeFiles/executable.elf.dir/drivers/fsl_lpuart.c.obj
 .comment       0x0000000000000076       0x77 CMakeFiles/executable.elf.dir/source/hello_world.c.obj
 .comment       0x0000000000000076       0x77 CMakeFiles/executable.elf.dir/utilities/fsl_debug_console.c.obj
 .comment       0x0000000000000076       0x77 CMakeFiles/executable.elf.dir/utilities/fsl_str.c.obj

.debug_frame    0x0000000000000000       0x94
 .debug_frame   0x0000000000000000       0x28 /usr/local/embeded-arm-tool-chain/gcc-arm-none-eabi-8-2019-q3-update/bin/../lib/gcc/arm-none-eabi/8.3.1/../../../../arm-none-eabi/lib/thumb/v7e-m+dp/hard/libc_nano.a(lib_a-exit.o)
 .debug_frame   0x0000000000000028       0x2c /usr/local/embeded-arm-tool-chain/gcc-arm-none-eabi-8-2019-q3-update/bin/../lib/gcc/arm-none-eabi/8.3.1/../../../../arm-none-eabi/lib/thumb/v7e-m+dp/hard/libc_nano.a(lib_a-init.o)
 .debug_frame   0x0000000000000054       0x20 /usr/local/embeded-arm-tool-chain/gcc-arm-none-eabi-8-2019-q3-update/bin/../lib/gcc/arm-none-eabi/8.3.1/../../../../arm-none-eabi/lib/thumb/v7e-m+dp/hard/libc_nano.a(lib_a-memset.o)
 .debug_frame   0x0000000000000074       0x20 /usr/local/embeded-arm-tool-chain/gcc-arm-none-eabi-8-2019-q3-update/bin/../lib/gcc/arm-none-eabi/8.3.1/../../../../arm-none-eabi/lib/thumb/v7e-m+dp/hard/libnosys.a(_exit.o)
